[www.clubnatacionribarroja.com/index.html]
[backblue.gif]
[fade.gif]
[index.html]
[www.clubnatacionribarroja.com/wp-content/litespeed/css/f1d745f86b0bd5610aced9e2fee2df78e747.css]
[www.clubnatacionribarroja.com/feed/index.html]
[www.clubnatacionribarroja.com/xmlrpc0db0.php]
[www.clubnatacionribarroja.com/wp-content/uploads/2019/08/cropped-IMG_20190817_123129_311-32x32.jpg]
[www.clubnatacionribarroja.com/wp-content/uploads/2019/08/cropped-IMG_20190817_123129_311-192x192.jpg]
[www.clubnatacionribarroja.com/wp-json/index.html]
[www.clubnatacionribarroja.com/wp-content/uploads/2019/08/cropped-IMG_20190817_123129_311-180x180.jpg]
[www.clubnatacionribarroja.com/comments/feed/index.html]
[www.clubnatacionribarroja.com/quienes-somos/index.html]
[www.clubnatacionribarroja.com/planificacion-anual-del-club/index.html]
[www.clubnatacionribarroja.com/wp-content/uploads/2019/08/nadadores.jpg]
[www.google-analytics.com/analytics.js]
[www.clubnatacionribarroja.com/estructura-del-club/index.html]
[www.clubnatacionribarroja.com/objetivos-generales/index.html]
[www.clubnatacionribarroja.com/index.html]
[www.clubnatacionribarroja.com/wp-content/plugins/litespeed-cache/guest.vary.html]
[www.clubnatacionribarroja.com/benjamines-y-alevines/index.html]
[www.clubnatacionribarroja.com/pre-benjamines/index.html]
[www.clubnatacionribarroja.com/wp-content/plugins/kiwi-logo-carousel/third-party/jquery.bxslider/images/bx_loader.gif]
[www.clubnatacionribarroja.com/wp-content/plugins/kiwi-logo-carousel/third-party/jquery.bxslider/images/controls.png]
[www.clubnatacionribarroja.com/master/index.html]
[www.clubnatacionribarroja.com/infantiles-y-juniors/index.html]
[www.clubnatacionribarroja.com/wp-content/plugins/kiwi-logo-carousel/third-party/jquery.bxslider/images/controls@2x.png]
[www.clubnatacionribarroja.com/wp-content/plugins/kiwi-logo-carousel/third-party/jquery.bxslider/images/controls@3x.png]
[www.clubnatacionribarroja.com/wp-content/fonts/droid-sans/SlGVmQWMvZQIdix7AFxXkHNSbQ.woff2]
[www.clubnatacionribarroja.com/wp-content/plugins/svg-vector-icon-plugin/admin/css/icon-font/wp-svg-plugin-icon-set1.eot]
[www.clubnatacionribarroja.com/eventos-organizados-por-el-club/index.html]
[www.clubnatacionribarroja.com/wp-content/plugins/svg-vector-icon-plugin/admin/css/icon-font/wp-svg-plugin-icon-set1d41d.eot]
[www.clubnatacionribarroja.com/wp-content/plugins/svg-vector-icon-plugin/admin/css/icon-font/wp-svg-plugin-icon-set1.woff]
[www.clubnatacionribarroja.com/interes-social/index.html]
[www.clubnatacionribarroja.com/wp-content/plugins/svg-vector-icon-plugin/admin/css/icon-font/wp-svg-plugin-icon-set1.ttf]
[www.clubnatacionribarroja.com/wp-content/plugins/svg-vector-icon-plugin/admin/css/icon-font/wp-svg-plugin-icon-set1.svg]
[www.clubnatacionribarroja.com/socios/index.html]
[www.clubnatacionribarroja.com/wp-content/plugins/svg-vector-icon-plugin/admin/images/download-icon-small.png]
[www.clubnatacionribarroja.com/normativa-club/index.html]
[www.clubnatacionribarroja.com/wp-content/plugins/ultimate-social-media-icons/css/fonts/helvetica_bold_0-webfont.eot]
[www.clubnatacionribarroja.com/wp-content/plugins/ultimate-social-media-icons/css/fonts/helvetica_bold_0-webfontd41d.eot]
[www.clubnatacionribarroja.com/horario-entrenamientos/index.html]
[www.clubnatacionribarroja.com/wp-content/plugins/ultimate-social-media-icons/css/fonts/helvetica_bold_0-webfont.woff]
[www.clubnatacionribarroja.com/wp-content/plugins/ultimate-social-media-icons/css/fonts/helvetica_bold_0-webfont.ttf]
[www.clubnatacionribarroja.com/contacto/index.html]
[www.clubnatacionribarroja.com/wp-content/plugins/ultimate-social-media-icons/css/fonts/helvetica_bold_0-webfont.svg]
[www.clubnatacionribarroja.com/tarifas/index.html]
[www.clubnatacionribarroja.com/wp-content/plugins/ultimate-social-media-icons/css/fonts/helvetica_0-webfont.eot]
[www.clubnatacionribarroja.com/wp-content/plugins/ultimate-social-media-icons/css/fonts/helvetica_0-webfontd41d.eot]
[www.clubnatacionribarroja.com/wp-content/plugins/ultimate-social-media-icons/css/fonts/helvetica_0-webfont.woff]
[www.clubnatacionribarroja.com/quattrocento-verano-2024/index.html]
[www.clubnatacionribarroja.com/wp-content/plugins/ultimate-social-media-icons/css/fonts/helvetica_0-webfont.ttf]
[www.clubnatacionribarroja.com/wp-content/plugins/ultimate-social-media-icons/css/fonts/helveticaneue-light.eot]
[www.clubnatacionribarroja.com/wp-content/plugins/ultimate-social-media-icons/css/fonts/helvetica_0-webfont.svg]
[www.clubnatacionribarroja.com/wp-content/plugins/ultimate-social-media-icons/css/fonts/helveticaneue-lightd41d.eot]
[www.clubnatacionribarroja.com/aviso-legal/index.html]
[www.clubnatacionribarroja.com/wp-content/plugins/ultimate-social-media-icons/css/fonts/helveticaneue-light.woff]
[www.clubnatacionribarroja.com/wp-content/plugins/ultimate-social-media-icons/css/fonts/helveticaneue-light.ttf]
[www.clubnatacionribarroja.com/politica-de-privacidad/index.html]
[www.clubnatacionribarroja.com/wp-content/plugins/ultimate-social-media-icons/css/fonts/helveticaneue-light.svg]
[www.clubnatacionribarroja.com/wp-content/plugins/ultimate-social-media-icons/images/count_bg.png]
[www.clubnatacionribarroja.com/wp-content/plugins/ultimate-social-media-icons/images/check_bg.jpg]
[www.clubnatacionribarroja.com/wp-content/plugins/ultimate-social-media-icons/images/radio_bg.png]
[www.clubnatacionribarroja.com/wp-content/plugins/ultimate-social-media-icons/images/select_bg.jpg]
[www.clubnatacionribarroja.com/wp-content/plugins/ultimate-social-media-icons/images/count_bg.jpg]
[www.clubnatacionribarroja.com/wp-content/plugins/ultimate-social-media-icons/images/select_bg1.jpg]
[www.clubnatacionribarroja.com/wp-content/plugins/ultimate-social-media-icons/images/tab_3_list_bg.jpg]
[www.clubnatacionribarroja.com/wp-content/plugins/ultimate-social-media-icons/images/ajax-loader.gif]
[www.clubnatacionribarroja.com/wp-content/plugins/ultimate-social-media-icons/images/bot_tip_icn.png]
[www.clubnatacionribarroja.com/wp-content/plugins/ultimate-social-media-icons/css/images/count_top_arow.png]
[www.clubnatacionribarroja.com/wp-content/plugins/ultimate-social-media-icons/css/images/count_left_arow.png]
[www.clubnatacionribarroja.com/wp-content/themes/busiprof/free/images/bullate.png]
[www.clubnatacionribarroja.com/wp-content/themes/busiprof/free/images/search_btn.png]
[www.clubnatacionribarroja.com/wp-content/themes/busiprof/free/css/fonts/flexslider-icon.eot]
[www.clubnatacionribarroja.com/wp-content/themes/busiprof/free/css/fonts/flexslider-icond41d.eot]
[www.clubnatacionribarroja.com/wp-content/themes/busiprof/free/css/fonts/flexslider-icon.woff]
[www.clubnatacionribarroja.com/wp-content/themes/busiprof/free/css/fonts/flexslider-icon.ttf]
[www.clubnatacionribarroja.com/wp-content/themes/busiprof/free/css/fonts/flexslider-icon.svg]
[www.clubnatacionribarroja.com/wp-content/themes/busiprof/free/css/font-awesome/webfonts/fa-brands-400.woff2]
[www.clubnatacionribarroja.com/wp-content/themes/busiprof/free/css/font-awesome/webfonts/fa-brands-400.ttf]
[www.clubnatacionribarroja.com/wp-content/themes/busiprof/free/css/font-awesome/webfonts/fa-regular-400.woff2]
[www.clubnatacionribarroja.com/wp-content/themes/busiprof/free/css/font-awesome/webfonts/fa-regular-400.ttf]
[www.clubnatacionribarroja.com/wp-content/themes/busiprof/free/css/font-awesome/webfonts/fa-solid-900.woff2]
[www.clubnatacionribarroja.com/wp-content/themes/busiprof/free/css/font-awesome/webfonts/fa-solid-900.ttf]
[www.clubnatacionribarroja.com/wp-content/themes/busiprof/free/css/font-awesome/webfonts/fa-v4compatibility.woff2]
[www.clubnatacionribarroja.com/wp-content/themes/busiprof/free/css/font-awesome/webfonts/fa-v4compatibility.ttf]
[www.clubnatacionribarroja.com/wp-content/litespeed/css/f1d745f86b0bd5610aced9e2fee2df78e747.css]
[www.clubnatacionribarroja.com/wp-json/wp/v2/pages/97.json]
[www.clubnatacionribarroja.com/wp-json/oembed/1.0/embed2dbf.json]
[www.clubnatacionribarroja.com/wp-json/oembed/1.0/embede0fa]
[www.clubnatacionribarroja.com/wp-content/uploads/2016/09/QuienesSomos.jpg]
[www.clubnatacionribarroja.com/quienes-somos/index.html]
[www.clubnatacionribarroja.com/wp-json/wp/v2/pages/119.json]
[www.clubnatacionribarroja.com/wp-json/oembed/1.0/embeda290.json]
[www.clubnatacionribarroja.com/wp-json/oembed/1.0/embedad17]
[www.clubnatacionribarroja.com/wp-content/uploads/2019/08/Imagen1.jpg]
[www.clubnatacionribarroja.com/planificacion-anual-del-club/index.html]
[www.clubnatacionribarroja.com/wp-json/wp/v2/pages/121.json]
[www.clubnatacionribarroja.com/wp-json/oembed/1.0/embedbe93.json]
[www.clubnatacionribarroja.com/objetivos-generales/index.html]
[www.clubnatacionribarroja.com/wp-json/oembed/1.0/embedea8e]
[www.clubnatacionribarroja.com/wp-json/wp/v2/pages/125.json]
[www.clubnatacionribarroja.com/wp-json/oembed/1.0/embedff4c.json]
[www.clubnatacionribarroja.com/estructura-del-club/index.html]
[www.clubnatacionribarroja.com/wp-json/oembed/1.0/embed94ce]
[www.clubnatacionribarroja.com/wp-json/wp/v2/pages/146.json]
[www.clubnatacionribarroja.com/absoluto/index.html]
[www.clubnatacionribarroja.com/wp-json/oembed/1.0/embed27c7.json]
[www.clubnatacionribarroja.com/pre-benjamines/index.html]
[www.clubnatacionribarroja.com/wp-json/oembed/1.0/embedc7f8]
[www.clubnatacionribarroja.com/wp-content/plugins/adapta-rgpd/assets/css/inform-box-simpled36b.css]
[www.clubnatacionribarroja.com/wp-content/plugins/adapta-rgpd/assets/css/cookies-banner-classicd36b.css]
[www.clubnatacionribarroja.com/wp-content/plugins/kiwi-logo-carousel/third-party/jquery.bxslider/jquery.bxslidera784.css]
[www.clubnatacionribarroja.com/wp-content/plugins/kiwi-logo-carousel/custom-stylesa784.css]
[www.clubnatacionribarroja.com/wp-content/fonts/ffce35be994dec826c09bc6e61dbe2ed5553.css]
[www.clubnatacionribarroja.com/wp-includes/css/dist/block-library/style.mina784.css]
[www.clubnatacionribarroja.com/wp-content/plugins/asesor-cookies-para-la-ley-en-espana/html/front/estilosa784.css]
[www.clubnatacionribarroja.com/wp-content/plugins/svg-vector-icon-plugin/admin/css/wordpress-svg-icon-plugin-style.mina784.css]
[www.clubnatacionribarroja.com/wp-content/plugins/ultimate-social-media-icons/css/sfsi-style76ed.css]
[www.clubnatacionribarroja.com/wp-content/themes/busiprof/free/css/bootstrapa784.css]
[www.clubnatacionribarroja.com/wp-content/themes/busiprof/free/css/style-freea784.css]
[www.clubnatacionribarroja.com/wp-content/themes/busiprof/free/css/customa784.css]
[www.clubnatacionribarroja.com/wp-content/themes/busiprof/free/css/flexslidera784.css]
[www.clubnatacionribarroja.com/wp-content/themes/busiprof/free/css/font-awesome/css/all.mina784.css]
[www.clubnatacionribarroja.com/wp-includes/js/jquery/jquery.minf43b.js]
[www.clubnatacionribarroja.com/wp-includes/js/jquery/jquery-migrate.min5589.js]
[www.clubnatacionribarroja.com/wp-content/plugins/adapta-rgpd/assets/js/cookies-eu-bannerd36b.js]
[www.clubnatacionribarroja.com/wp-content/plugins/asesor-cookies-para-la-ley-en-espana/html/front/principala784.js]
[www.clubnatacionribarroja.com/wp-content/themes/busiprof/free/js/bootstrap.bundle.mina784.js]
[www.clubnatacionribarroja.com/wp-content/themes/busiprof/free/js/customa784.js]
[www.clubnatacionribarroja.com/wp-json/wp/v2/pages/167.json]
[www.clubnatacionribarroja.com/wp-json/oembed/1.0/embede54e.json]
[www.clubnatacionribarroja.com/wp-json/oembed/1.0/embedc559]
[www.clubnatacionribarroja.com/wp-content/uploads/2019/08/cropped-Presentacion1.jpg]
[www.clubnatacionribarroja.com/wp-content/uploads/2022/07/Logo-Comunitat-de-l_Esport_Color-H-1-1024x683.png]
[connect.facebook.net/en_US/sdk.js]
[www.clubnatacionribarroja.com/wp-includes/js/jquery/ui/core.minb37e.js]
[www.clubnatacionribarroja.com/wp-content/plugins/ultimate-social-media-icons/js/shuffle/modernizr.custom.mina784.js]
[www.clubnatacionribarroja.com/wp-content/plugins/ultimate-social-media-icons/js/shuffle/jquery.shuffle.mina784.js]
[www.clubnatacionribarroja.com/wp-content/plugins/ultimate-social-media-icons/js/shuffle/random-shuffle-mina784.js]
[www.clubnatacionribarroja.com/wp-content/plugins/ultimate-social-media-icons/js/custom76ed.js]
[www.clubnatacionribarroja.com/wp-includes/js/comment-reply.mina784.js]
[www.clubnatacionribarroja.com/wp-content/plugins/kiwi-logo-carousel/third-party/jquery.bxslider/jquery.bxslidera784.js]
[www.clubnatacionribarroja.com/benjamines-y-alevines/index.html]
[www.clubnatacionribarroja.com/wp-json/wp/v2/pages/171.json]
[www.clubnatacionribarroja.com/wp-json/oembed/1.0/embed54f6.json]
[www.clubnatacionribarroja.com/infantiles-y-juniors/index.html]
[www.clubnatacionribarroja.com/wp-json/oembed/1.0/embedea00]
[www.clubnatacionribarroja.com/wp-json/wp/v2/pages/176.json]
[www.clubnatacionribarroja.com/wp-json/oembed/1.0/embed742f.json]
[www.clubnatacionribarroja.com/master/index.html]
[www.clubnatacionribarroja.com/wp-json/oembed/1.0/embeda4a0]
[www.clubnatacionribarroja.com/wp-json/wp/v2/pages/184.json]
[www.clubnatacionribarroja.com/wp-json/oembed/1.0/embed564e.json]
[www.clubnatacionribarroja.com/wp-json/oembed/1.0/embed49cf]
[www.clubnatacionribarroja.com/wp-content/uploads/2016/09/InteresSocial1.jpg]
[www.clubnatacionribarroja.com/wp-content/uploads/2016/09/IntetresSocial2.jpg]
[www.clubnatacionribarroja.com/wp-content/uploads/2016/09/medallas-e1474449481646.jpg]
[www.clubnatacionribarroja.com/interes-social/index.html]
[www.clubnatacionribarroja.com/wp-json/wp/v2/pages/186.json]
[www.clubnatacionribarroja.com/wp-json/oembed/1.0/embed5094.json]
[www.clubnatacionribarroja.com/wp-json/oembed/1.0/embed5590]
[www.clubnatacionribarroja.com/wp-content/uploads/2016/09/trofeoSocial.jpg]
[www.clubnatacionribarroja.com/wp-content/uploads/2016/09/trofeoVerano.jpg]
[www.clubnatacionribarroja.com/wp-content/uploads/2016/09/quatrochento-1.jpg]
[www.clubnatacionribarroja.com/wp-content/uploads/2016/09/quatrochento-1-1024x240.jpg]
[www.clubnatacionribarroja.com/wp-content/uploads/2016/09/quatrochento1.jpg]
[www.clubnatacionribarroja.com/eventos-organizados-por-el-club/index.html]
[www.clubnatacionribarroja.com/wp-json/wp/v2/pages/197.json]
[www.clubnatacionribarroja.com/wp-json/oembed/1.0/embed9851.json]
[www.clubnatacionribarroja.com/socios/index.html]
[www.clubnatacionribarroja.com/wp-json/oembed/1.0/embed9c1b]
[www.clubnatacionribarroja.com/wp-json/wp/v2/pages/326.json]
[www.clubnatacionribarroja.com/wp-json/oembed/1.0/embedac09.json]
[www.clubnatacionribarroja.com/wp-json/oembed/1.0/embed9e29]
[www.clubnatacionribarroja.com/wp-content/uploads/2021/07/papers-4862061_1920.jpg]
[www.clubnatacionribarroja.com/wp-content/uploads/2021/07/papers-4862061_1920-1024x576.jpg]
[www.clubnatacionribarroja.com/normativa-club/index.html]
[www.clubnatacionribarroja.com/wp-json/wp/v2/pages/268.json]
[www.clubnatacionribarroja.com/wp-json/oembed/1.0/embed3d5d.json]
[www.clubnatacionribarroja.com/wp-json/oembed/1.0/embedcd3d]
[www.clubnatacionribarroja.com/wp-content/uploads/2016/09/nado.jpg]
[www.clubnatacionribarroja.com/wp-content/uploads/2016/09/nado-1024x576.jpg]
[www.clubnatacionribarroja.com/wp-content/uploads/2024/08/ficha-datos-bancarios-CNR-24-25.pdf]
[www.clubnatacionribarroja.com/wp-content/uploads/2019/08/IMG_20190817_123129_311.jpg]
[www.clubnatacionribarroja.com/wp-content/uploads/2019/08/IMG_20190817_123129_311-300x300.jpg]
[www.clubnatacionribarroja.com/tarifas/index.html]
[www.clubnatacionribarroja.com/wp-json/wp/v2/pages/281.json]
[www.clubnatacionribarroja.com/wp-json/oembed/1.0/embed9f2a.json]
[www.clubnatacionribarroja.com/horario-entrenamientos/index.html]
[www.clubnatacionribarroja.com/wp-json/oembed/1.0/embed42aa]
[www.clubnatacionribarroja.com/wp-content/plugins/wpforms-lite/assets/css/frontend/classic/wpforms-full.mine4b2.css]
[www.clubnatacionribarroja.com/wp-json/wp/v2/pages/112.json]
[www.clubnatacionribarroja.com/wp-json/oembed/1.0/embeddc65.json]
[www.clubnatacionribarroja.com/wp-json/oembed/1.0/embed32da]
[www.clubnatacionribarroja.com/wp-content/uploads/2016/09/contacto.jpg]
[www.clubnatacionribarroja.com/wp-content/uploads/2016/09/facebook_logo.jpg]
[www.clubnatacionribarroja.com/wp-content/plugins/wpforms-lite/assets/lib/jquery.validate.min3c17.js]
[www.clubnatacionribarroja.com/wp-content/plugins/wpforms-lite/assets/lib/mailcheck.mincfa9.js]
[www.clubnatacionribarroja.com/wp-content/plugins/wpforms-lite/assets/lib/punycode.min8a54.js]
[www.clubnatacionribarroja.com/wp-content/plugins/wpforms-lite/assets/js/share/utils.mine4b2.js]
[www.clubnatacionribarroja.com/wp-content/plugins/wpforms-lite/assets/js/frontend/wpforms.mine4b2.js]
[www.google.com/recaptcha/api6680.js]
[www.clubnatacionribarroja.com/contacto/index.html]
[www.clubnatacionribarroja.com/wp-content/plugins/wpforms-lite/assets/js/frontend/fields/address.mine4b2.js]
[www.clubnatacionribarroja.com/wp-json/wp/v2/pages/8190.json]
[www.clubnatacionribarroja.com/wp-json/oembed/1.0/embed1df7.json]
[www.clubnatacionribarroja.com/wp-json/oembed/1.0/embed73c8]
[www.clubnatacionribarroja.com/wp-content/uploads/2024/08/WhatsApp-Image-2024-08-23-at-17.45.02.jpg]
[www.clubnatacionribarroja.com/wp-content/uploads/2024/08/WhatsApp-Image-2024-08-23-at-17.45.54.jpg]
[www.clubnatacionribarroja.com/wp-content/uploads/2024/08/WhatsApp-Image-2024-08-23-at-17.46.26.jpg]
[www.clubnatacionribarroja.com/wp-content/uploads/2024/08/WhatsApp-Image-2024-08-23-at-17.46.55.jpg]
[www.clubnatacionribarroja.com/wp-content/uploads/2024/06/Cartell-Quattrocento-2024_.jpg]
[www.clubnatacionribarroja.com/wp-content/uploads/2024/06/Bases-Quattrocento-24.jpg]
[www.clubnatacionribarroja.com/quattrocento-verano-2024/index.html]
[www.clubnatacionribarroja.com/el-club/index.html]
[www.clubnatacionribarroja.com/politica-de-cookies/index.html]
[www.clubnatacionribarroja.com/wp-json/wp/v2/pages/331.json]
[www.clubnatacionribarroja.com/wp-json/oembed/1.0/embed9994.json]
[www.clubnatacionribarroja.com/aviso-legal/index.html]
[www.clubnatacionribarroja.com/wp-json/oembed/1.0/embed409b]
[www.clubnatacionribarroja.com/wp-json/wp/v2/pages/673.json]
[www.clubnatacionribarroja.com/wp-json/oembed/1.0/embed4f10.json]
[www.clubnatacionribarroja.com/politica-de-privacidad/index.html]
[www.clubnatacionribarroja.com/wp-content/plugins/litespeed-cache/guest.vary.html]
[www.clubnatacionribarroja.com/wp-content/plugins/svg-vector-icon-plugin/admin/css/icon-font/wp-svg-plugin-icon-set1.svg]
[www.clubnatacionribarroja.com/wp-content/plugins/svg-vector-icon-plugin/admin/images/download-icon-small.html]
[www.clubnatacionribarroja.com/wp-content/plugins/ultimate-social-media-icons/css/fonts/helvetica_bold_0-webfont.svg]
[www.clubnatacionribarroja.com/wp-content/plugins/ultimate-social-media-icons/css/fonts/helvetica_0-webfont.svg]
[www.clubnatacionribarroja.com/wp-content/plugins/ultimate-social-media-icons/css/fonts/helveticaneue-light.svg]
[www.clubnatacionribarroja.com/wp-content/themes/busiprof/free/images/bullate.html]
[www.clubnatacionribarroja.com/wp-content/themes/busiprof/free/images/search_btn.html]
[www.clubnatacionribarroja.com/wp-content/themes/busiprof/free/css/fonts/flexslider-icon.html]
[www.clubnatacionribarroja.com/wp-content/themes/busiprof/free/css/fonts/flexslider-icond41d.html]
[www.clubnatacionribarroja.com/wp-content/themes/busiprof/free/css/fonts/flexslider-icon-2.html]
[www.clubnatacionribarroja.com/wp-content/themes/busiprof/free/css/fonts/flexslider-icon-3.html]
[www.clubnatacionribarroja.com/wp-content/themes/busiprof/free/css/fonts/flexslider-icon-4.html]
[www.clubnatacionribarroja.com/indexb190.html]
[www.clubnatacionribarroja.com/index7737.html]
[www.clubnatacionribarroja.com/indexe856.html]
[www.clubnatacionribarroja.com/index5070.html]
[www.clubnatacionribarroja.com/wp-json/oembed/1.0/embed5696]
[www.clubnatacionribarroja.com/wp-json/wp/v2/pages/174.json]
[www.clubnatacionribarroja.com/wp-json/oembed/1.0/embedb36b.json]
[www.clubnatacionribarroja.com/wp-json/oembed/1.0/embedf3a4]
[www.clubnatacionribarroja.com/wp-content/uploads/2016/09/absoluto.jpg]
[www.clubnatacionribarroja.com/wp-content/uploads/2016/09/absoluto-1024x768.jpg]
[www.clubnatacionribarroja.com/wp-content/uploads/2016/09/absoluto1.jpg]
[www.clubnatacionribarroja.com/absoluto/index.html]
[www.clubnatacionribarroja.com/indexf488.html]
[www.clubnatacionribarroja.com/wp-content/plugins/adapta-rgpd/assets/css/inform-box-simpled36b.css]
[www.clubnatacionribarroja.com/wp-content/plugins/adapta-rgpd/assets/css/cookies-banner-classicd36b.css]
[www.clubnatacionribarroja.com/wp-content/plugins/kiwi-logo-carousel/third-party/jquery.bxslider/jquery.bxslidera784.css]
[www.clubnatacionribarroja.com/wp-content/plugins/kiwi-logo-carousel/custom-stylesa784.css]
[www.clubnatacionribarroja.com/wp-content/fonts/droid-sans/SlGWmQWMvZQIdix7AFxXmMh3eDs1Zw.woff2]
[www.clubnatacionribarroja.com/wp-content/fonts/droid-serif/tDbK2oqRg1oM3QBjjcaDkOr4nAfcHg.woff2]
[www.clubnatacionribarroja.com/wp-content/fonts/droid-serif/tDbX2oqRg1oM3QBjjcaDkOr4lLz5CwOnSA.woff2]
[www.clubnatacionribarroja.com/wp-content/fonts/droid-serif/tDbI2oqRg1oM3QBjjcaDkOr9rAU.woff2]
[www.clubnatacionribarroja.com/wp-content/fonts/droid-serif/tDbV2oqRg1oM3QBjjcaDkOJGiRD7OwE.woff2]
[www.clubnatacionribarroja.com/wp-content/fonts/montserrat/JTUQjIg1_i6t8kCHKm459WxRxC7mw9c.woff2]
[www.clubnatacionribarroja.com/wp-content/fonts/montserrat/JTUQjIg1_i6t8kCHKm459WxRzS7mw9c.woff2]
[www.clubnatacionribarroja.com/wp-content/fonts/montserrat/JTUQjIg1_i6t8kCHKm459WxRxi7mw9c.woff2]
[www.clubnatacionribarroja.com/wp-content/fonts/montserrat/JTUQjIg1_i6t8kCHKm459WxRxy7mw9c.woff2]
[www.clubnatacionribarroja.com/wp-content/fonts/montserrat/JTUQjIg1_i6t8kCHKm459WxRyS7m.woff2]
[www.clubnatacionribarroja.com/wp-content/fonts/montserrat/JTUSjIg1_i6t8kCHKm459WRhyzbi.woff2]
[www.clubnatacionribarroja.com/wp-content/fonts/montserrat/JTUSjIg1_i6t8kCHKm459W1hyzbi.woff2]
[www.clubnatacionribarroja.com/wp-content/fonts/montserrat/JTUSjIg1_i6t8kCHKm459WZhyzbi.woff2]
[www.clubnatacionribarroja.com/wp-content/fonts/montserrat/JTUSjIg1_i6t8kCHKm459Wdhyzbi.woff2]
[www.clubnatacionribarroja.com/wp-content/fonts/montserrat/JTUSjIg1_i6t8kCHKm459Wlhyw.woff2]
[www.clubnatacionribarroja.com/wp-content/fonts/open-sans/memtYaGs126MiZpBA-UFUIcVXSCEkx2cmqvXlWqWtE6F15M.woff2]
[www.clubnatacionribarroja.com/wp-content/fonts/open-sans/memtYaGs126MiZpBA-UFUIcVXSCEkx2cmqvXlWqWvU6F15M.woff2]
[www.clubnatacionribarroja.com/wp-content/fonts/open-sans/memtYaGs126MiZpBA-UFUIcVXSCEkx2cmqvXlWqWtU6F15M.woff2]
[www.clubnatacionribarroja.com/wp-content/fonts/open-sans/memtYaGs126MiZpBA-UFUIcVXSCEkx2cmqvXlWqWuk6F15M.woff2]
[www.clubnatacionribarroja.com/wp-content/fonts/open-sans/memtYaGs126MiZpBA-UFUIcVXSCEkx2cmqvXlWqWu06F15M.woff2]
[www.clubnatacionribarroja.com/wp-content/fonts/open-sans/memtYaGs126MiZpBA-UFUIcVXSCEkx2cmqvXlWqWtk6F15M.woff2]
[www.clubnatacionribarroja.com/wp-content/fonts/open-sans/memtYaGs126MiZpBA-UFUIcVXSCEkx2cmqvXlWqWt06F15M.woff2]
[www.clubnatacionribarroja.com/wp-content/fonts/open-sans/memtYaGs126MiZpBA-UFUIcVXSCEkx2cmqvXlWqWuU6F.woff2]
[www.clubnatacionribarroja.com/wp-content/fonts/open-sans/memvYaGs126MiZpBA-UvWbX2vVnXBbObj2OVTSKmu1aB.woff2]
[www.clubnatacionribarroja.com/wp-content/fonts/open-sans/memvYaGs126MiZpBA-UvWbX2vVnXBbObj2OVTSumu1aB.woff2]
[www.clubnatacionribarroja.com/wp-content/fonts/open-sans/memvYaGs126MiZpBA-UvWbX2vVnXBbObj2OVTSOmu1aB.woff2]
[www.clubnatacionribarroja.com/wp-content/fonts/open-sans/memvYaGs126MiZpBA-UvWbX2vVnXBbObj2OVTSymu1aB.woff2]
[www.clubnatacionribarroja.com/wp-content/fonts/open-sans/memvYaGs126MiZpBA-UvWbX2vVnXBbObj2OVTS2mu1aB.woff2]
[www.clubnatacionribarroja.com/wp-content/fonts/open-sans/memvYaGs126MiZpBA-UvWbX2vVnXBbObj2OVTSCmu1aB.woff2]
[www.clubnatacionribarroja.com/wp-content/fonts/open-sans/memvYaGs126MiZpBA-UvWbX2vVnXBbObj2OVTSGmu1aB.woff2]
[www.clubnatacionribarroja.com/wp-content/fonts/open-sans/memvYaGs126MiZpBA-UvWbX2vVnXBbObj2OVTS-muw.woff2]
[www.clubnatacionribarroja.com/wp-content/fonts/roboto/KFOiCnqEu92Fr1Mu51QrEz0dL_nz.woff2]
[www.clubnatacionribarroja.com/wp-content/fonts/roboto/KFOiCnqEu92Fr1Mu51QrEzQdL_nz.woff2]
[www.clubnatacionribarroja.com/wp-content/fonts/roboto/KFOiCnqEu92Fr1Mu51QrEzwdL_nz.woff2]
[www.clubnatacionribarroja.com/wp-content/fonts/roboto/KFOiCnqEu92Fr1Mu51QrEzMdL_nz.woff2]
[www.clubnatacionribarroja.com/wp-content/fonts/roboto/KFOiCnqEu92Fr1Mu51QrEz8dL_nz.woff2]
[www.clubnatacionribarroja.com/wp-content/fonts/roboto/KFOiCnqEu92Fr1Mu51QrEz4dL_nz.woff2]
[www.clubnatacionribarroja.com/wp-content/fonts/roboto/KFOiCnqEu92Fr1Mu51QrEzAdLw.woff2]
[www.clubnatacionribarroja.com/wp-content/fonts/roboto/KFOjCnqEu92Fr1Mu51TjASc3CsTKlA.woff2]
[www.clubnatacionribarroja.com/wp-content/fonts/roboto/KFOjCnqEu92Fr1Mu51TjASc-CsTKlA.woff2]
[www.clubnatacionribarroja.com/wp-content/fonts/roboto/KFOjCnqEu92Fr1Mu51TjASc2CsTKlA.woff2]
[www.clubnatacionribarroja.com/wp-content/fonts/roboto/KFOjCnqEu92Fr1Mu51TjASc5CsTKlA.woff2]
[www.clubnatacionribarroja.com/wp-content/fonts/roboto/KFOjCnqEu92Fr1Mu51TjASc1CsTKlA.woff2]
[www.clubnatacionribarroja.com/wp-content/fonts/roboto/KFOjCnqEu92Fr1Mu51TjASc0CsTKlA.woff2]
[www.clubnatacionribarroja.com/wp-content/fonts/roboto/KFOjCnqEu92Fr1Mu51TjASc6CsQ.woff2]
[www.clubnatacionribarroja.com/wp-content/fonts/roboto/KFOkCnqEu92Fr1Mu51xFIzIFKw.woff2]
[www.clubnatacionribarroja.com/wp-content/fonts/roboto/KFOkCnqEu92Fr1Mu51xMIzIFKw.woff2]
[www.clubnatacionribarroja.com/wp-content/fonts/roboto/KFOkCnqEu92Fr1Mu51xEIzIFKw.woff2]
[www.clubnatacionribarroja.com/wp-content/fonts/roboto/KFOkCnqEu92Fr1Mu51xLIzIFKw.woff2]
[www.clubnatacionribarroja.com/wp-content/fonts/roboto/KFOkCnqEu92Fr1Mu51xHIzIFKw.woff2]
[www.clubnatacionribarroja.com/wp-content/fonts/roboto/KFOkCnqEu92Fr1Mu51xGIzIFKw.woff2]
[www.clubnatacionribarroja.com/wp-content/fonts/roboto/KFOkCnqEu92Fr1Mu51xIIzI.woff2]
[www.clubnatacionribarroja.com/wp-content/fonts/roboto/KFOjCnqEu92Fr1Mu51S7ACc3CsTKlA.woff2]
[www.clubnatacionribarroja.com/wp-content/fonts/roboto/KFOjCnqEu92Fr1Mu51S7ACc-CsTKlA.woff2]
[www.clubnatacionribarroja.com/wp-content/fonts/roboto/KFOjCnqEu92Fr1Mu51S7ACc2CsTKlA.woff2]
[www.clubnatacionribarroja.com/wp-content/fonts/roboto/KFOjCnqEu92Fr1Mu51S7ACc5CsTKlA.woff2]
[www.clubnatacionribarroja.com/wp-content/fonts/roboto/KFOjCnqEu92Fr1Mu51S7ACc1CsTKlA.woff2]
[www.clubnatacionribarroja.com/wp-content/fonts/roboto/KFOjCnqEu92Fr1Mu51S7ACc0CsTKlA.woff2]
[www.clubnatacionribarroja.com/wp-content/fonts/roboto/KFOjCnqEu92Fr1Mu51S7ACc6CsQ.woff2]
[www.clubnatacionribarroja.com/wp-content/fonts/roboto/KFOjCnqEu92Fr1Mu51TzBic3CsTKlA.woff2]
[www.clubnatacionribarroja.com/wp-content/fonts/roboto/KFOjCnqEu92Fr1Mu51TzBic-CsTKlA.woff2]
[www.clubnatacionribarroja.com/wp-content/fonts/roboto/KFOjCnqEu92Fr1Mu51TzBic2CsTKlA.woff2]
[www.clubnatacionribarroja.com/wp-content/fonts/roboto/KFOjCnqEu92Fr1Mu51TzBic5CsTKlA.woff2]
[www.clubnatacionribarroja.com/wp-content/fonts/roboto/KFOjCnqEu92Fr1Mu51TzBic1CsTKlA.woff2]
[www.clubnatacionribarroja.com/wp-content/fonts/roboto/KFOjCnqEu92Fr1Mu51TzBic0CsTKlA.woff2]
[www.clubnatacionribarroja.com/wp-content/fonts/roboto/KFOjCnqEu92Fr1Mu51TzBic6CsQ.woff2]
[www.clubnatacionribarroja.com/wp-content/fonts/roboto/KFOjCnqEu92Fr1Mu51TLBCc3CsTKlA.woff2]
[www.clubnatacionribarroja.com/wp-content/fonts/roboto/KFOjCnqEu92Fr1Mu51TLBCc-CsTKlA.woff2]
[www.clubnatacionribarroja.com/wp-content/fonts/roboto/KFOjCnqEu92Fr1Mu51TLBCc2CsTKlA.woff2]
[www.clubnatacionribarroja.com/wp-content/fonts/roboto/KFOjCnqEu92Fr1Mu51TLBCc5CsTKlA.woff2]
[www.clubnatacionribarroja.com/wp-content/fonts/roboto/KFOjCnqEu92Fr1Mu51TLBCc1CsTKlA.woff2]
[www.clubnatacionribarroja.com/wp-content/fonts/roboto/KFOjCnqEu92Fr1Mu51TLBCc0CsTKlA.woff2]
[www.clubnatacionribarroja.com/wp-content/fonts/roboto/KFOjCnqEu92Fr1Mu51TLBCc6CsQ.woff2]
[www.clubnatacionribarroja.com/wp-content/fonts/roboto/KFOkCnqEu92Fr1MmgVxFIzIFKw.woff2]
[www.clubnatacionribarroja.com/wp-content/fonts/roboto/KFOkCnqEu92Fr1MmgVxMIzIFKw.woff2]
[www.clubnatacionribarroja.com/wp-content/fonts/roboto/KFOkCnqEu92Fr1MmgVxEIzIFKw.woff2]
[www.clubnatacionribarroja.com/wp-content/fonts/roboto/KFOkCnqEu92Fr1MmgVxLIzIFKw.woff2]
[www.clubnatacionribarroja.com/wp-content/fonts/roboto/KFOkCnqEu92Fr1MmgVxHIzIFKw.woff2]
[www.clubnatacionribarroja.com/wp-content/fonts/roboto/KFOkCnqEu92Fr1MmgVxGIzIFKw.woff2]
[www.clubnatacionribarroja.com/wp-content/fonts/roboto/KFOkCnqEu92Fr1MmgVxIIzI.woff2]
[www.clubnatacionribarroja.com/wp-content/fonts/roboto/KFOlCnqEu92Fr1MmSU5fCRc4EsA.woff2]
[www.clubnatacionribarroja.com/wp-content/fonts/roboto/KFOlCnqEu92Fr1MmSU5fABc4EsA.woff2]
[www.clubnatacionribarroja.com/wp-content/fonts/roboto/KFOlCnqEu92Fr1MmSU5fCBc4EsA.woff2]
[www.clubnatacionribarroja.com/wp-content/fonts/roboto/KFOlCnqEu92Fr1MmSU5fBxc4EsA.woff2]
[www.clubnatacionribarroja.com/wp-content/fonts/roboto/KFOlCnqEu92Fr1MmSU5fCxc4EsA.woff2]
[www.clubnatacionribarroja.com/wp-content/fonts/roboto/KFOlCnqEu92Fr1MmSU5fChc4EsA.woff2]
[www.clubnatacionribarroja.com/wp-content/fonts/roboto/KFOlCnqEu92Fr1MmSU5fBBc4.woff2]
[www.clubnatacionribarroja.com/wp-content/fonts/roboto/KFOmCnqEu92Fr1Mu72xKOzY.woff2]
[www.clubnatacionribarroja.com/wp-content/fonts/roboto/KFOmCnqEu92Fr1Mu5mxKOzY.woff2]
[www.clubnatacionribarroja.com/wp-content/fonts/roboto/KFOmCnqEu92Fr1Mu7mxKOzY.woff2]
[www.clubnatacionribarroja.com/wp-content/fonts/roboto/KFOmCnqEu92Fr1Mu4WxKOzY.woff2]
[www.clubnatacionribarroja.com/wp-content/fonts/roboto/KFOmCnqEu92Fr1Mu7WxKOzY.woff2]
[www.clubnatacionribarroja.com/wp-content/fonts/roboto/KFOmCnqEu92Fr1Mu7GxKOzY.woff2]
[www.clubnatacionribarroja.com/wp-content/fonts/roboto/KFOmCnqEu92Fr1Mu4mxK.woff2]
[www.clubnatacionribarroja.com/wp-content/fonts/roboto/KFOlCnqEu92Fr1MmEU9fCRc4EsA.woff2]
[www.clubnatacionribarroja.com/wp-content/fonts/roboto/KFOlCnqEu92Fr1MmEU9fABc4EsA.woff2]
[www.clubnatacionribarroja.com/wp-content/fonts/roboto/KFOlCnqEu92Fr1MmEU9fCBc4EsA.woff2]
[www.clubnatacionribarroja.com/wp-content/fonts/roboto/KFOlCnqEu92Fr1MmEU9fBxc4EsA.woff2]
[www.clubnatacionribarroja.com/wp-content/fonts/roboto/KFOlCnqEu92Fr1MmEU9fCxc4EsA.woff2]
[www.clubnatacionribarroja.com/wp-content/fonts/roboto/KFOlCnqEu92Fr1MmEU9fChc4EsA.woff2]
[www.clubnatacionribarroja.com/wp-content/fonts/roboto/KFOlCnqEu92Fr1MmEU9fBBc4.woff2]
[www.clubnatacionribarroja.com/wp-content/fonts/roboto/KFOlCnqEu92Fr1MmWUlfCRc4EsA.woff2]
[www.clubnatacionribarroja.com/wp-content/fonts/roboto/KFOlCnqEu92Fr1MmWUlfABc4EsA.woff2]
[www.clubnatacionribarroja.com/wp-content/fonts/roboto/KFOlCnqEu92Fr1MmWUlfCBc4EsA.woff2]
[www.clubnatacionribarroja.com/wp-content/fonts/roboto/KFOlCnqEu92Fr1MmWUlfBxc4EsA.woff2]
[www.clubnatacionribarroja.com/wp-content/fonts/roboto/KFOlCnqEu92Fr1MmWUlfCxc4EsA.woff2]
[www.clubnatacionribarroja.com/wp-content/fonts/roboto/KFOlCnqEu92Fr1MmWUlfChc4EsA.woff2]
[www.clubnatacionribarroja.com/wp-content/fonts/roboto/KFOlCnqEu92Fr1MmWUlfBBc4.woff2]
[www.clubnatacionribarroja.com/wp-content/fonts/roboto/KFOlCnqEu92Fr1MmYUtfCRc4EsA.woff2]
[www.clubnatacionribarroja.com/wp-content/fonts/roboto/KFOlCnqEu92Fr1MmYUtfABc4EsA.woff2]
[www.clubnatacionribarroja.com/wp-content/fonts/roboto/KFOlCnqEu92Fr1MmYUtfCBc4EsA.woff2]
[www.clubnatacionribarroja.com/wp-content/fonts/roboto/KFOlCnqEu92Fr1MmYUtfBxc4EsA.woff2]
[www.clubnatacionribarroja.com/wp-content/fonts/roboto/KFOlCnqEu92Fr1MmYUtfCxc4EsA.woff2]
[www.clubnatacionribarroja.com/wp-content/fonts/roboto/KFOlCnqEu92Fr1MmYUtfChc4EsA.woff2]
[www.clubnatacionribarroja.com/wp-content/fonts/roboto/KFOlCnqEu92Fr1MmYUtfBBc4.woff2]
[www.clubnatacionribarroja.com/wp-content/fonts/ffce35be994dec826c09bc6e61dbe2ed5553.css]
[www.clubnatacionribarroja.com/wp-includes/css/dist/block-library/style.mina784.css]
[www.clubnatacionribarroja.com/wp-content/plugins/asesor-cookies-para-la-ley-en-espana/html/front/estilosa784.css]
[www.clubnatacionribarroja.com/wp-content/plugins/svg-vector-icon-plugin/admin/css/wordpress-svg-icon-plugin-style.mina784.css]
[www.clubnatacionribarroja.com/wp-content/plugins/ultimate-social-media-icons/css/sfsi-style76ed.css]
[www.clubnatacionribarroja.com/wp-content/themes/busiprof/free/css/bootstrapa784.css]
[www.clubnatacionribarroja.com/wp-content/themes/busiprof/free/css/style-freea784.css]
[www.clubnatacionribarroja.com/wp-content/themes/busiprof/free/css/customa784.css]
[www.clubnatacionribarroja.com/wp-content/themes/busiprof/free/css/flexslidera784.css]
[www.clubnatacionribarroja.com/wp-content/themes/busiprof/free/css/font-awesome/css/all.mina784.css]
[www.clubnatacionribarroja.com/index3350.html]
[connect.facebook.net/en_US/sdk.js]
[www.clubnatacionribarroja.com/wp-admin/admin-ajax.html]
[www.clubnatacionribarroja.com/indexa828.html]
[www.clubnatacionribarroja.com/index3440.html]
[www.clubnatacionribarroja.com/index48fd.html]
[www.clubnatacionribarroja.com/index146c.html]
[www.clubnatacionribarroja.com/index85b3.html]
[www.clubnatacionribarroja.com/index4bd3.html]
[www.clubnatacionribarroja.com/indexc524.html]
[www.clubnatacionribarroja.com/index73fa.html]
[www.clubnatacionribarroja.com/wp-content/plugins/wpforms-lite/assets/pro/images/times-solid-white.svg]
[www.clubnatacionribarroja.com/wp-content/plugins/wpforms-lite/assets/css/frontend/classic/wpforms-full.mine4b2.css]
[www.clubnatacionribarroja.com/index8820.html]
[www.clubnatacionribarroja.com/indexfdb4.html]
[www.clubnatacionribarroja.com/index371d.html]
[www.clubnatacionribarroja.com/index8631.html]
[www.clubnatacionribarroja.com/index0325.html]
[www.clubnatacionribarroja.com/wp-content/plugins/wpforms-lite/assets/pro/images/times-solid-white.html]
